[17:41:55] [ServerMain/INFO]: Environment: Environment[sessionHost=https://sessionserver.mojang.com, servicesHost=https://api.minecraftservices.com, profilesHost=https://api.mojang.com, name=PROD]
[17:41:56] [ServerMain/INFO]: Loaded 1470 recipes
[17:41:56] [ServerMain/INFO]: Loaded 1584 advancements
[17:41:56] [Server thread/INFO]: Starting minecraft server version 1.21.11
[17:41:56] [Server thread/INFO]: Loading properties
[17:41:56] [Server thread/INFO]: Default game type: SURVIVAL
[17:41:56] [Server thread/INFO]: Generating keypair
[17:41:57] [Server thread/INFO]: Starting Minecraft server on *:25565
[17:41:57] [Server thread/WARN]: **** SERVER IS RUNNING IN OFFLINE/INSECURE MODE!
[17:41:57] [Server thread/WARN]: The server will make no attempt to authenticate usernames. Beware.
[17:41:57] [Server thread/WARN]: While this makes the game possible to play without internet access, it also opens up the ability for hackers to connect with any username they choose.
[17:41:57] [Server thread/WARN]: To change this, set "online-mode" to "true" in the server.properties file.
[17:41:57] [Server thread/INFO]: Preparing level "world"
[17:41:57] [Server thread/INFO]: Loading 0 persistent chunks...
[17:41:57] [Server thread/INFO]: Preparing spawn area: 100%
[17:41:58] [Server thread/INFO]: Time elapsed: 36 ms
[17:41:58] [Server thread/INFO]: Done (0.726s)! For help, type "help"
[17:42:54] [Server thread/INFO]: pauloR2001[/127.0.0.1:51669] logged in with entity id 30 at (-358.6845503586651, 120.0, 424.7417823081719)
[17:42:55] [Server thread/INFO]: pauloR2001 joined the game
[17:42:55] [Server thread/WARN]: Can't keep up! Is the server overloaded? Running 3148ms or 62 ticks behind
[17:43:04] [Server thread/INFO]: [pauloR2001: Set own game mode to Spectator Mode]
[17:43:18] [Server thread/WARN]: Can't keep up! Is the server overloaded? Running 7210ms or 144 ticks behind
[17:43:36] [Server thread/WARN]: Block entity {Delay:20s,MaxNearbyEntities:6s,MaxSpawnDelay:800s,MinSpawnDelay:200s,RequiredPlayerRange:16s,SpawnCount:4s,SpawnData:{entity:{id:"minecraft:blaze"}},SpawnPotentials:[{data:{entity:{id:"minecraft:blaze"}},weight:1}],SpawnRange:4s,id:"minecraft:mob_spawner",x:-405,y:56,z:196} found in a wrong chunk, expected position from chunk [6, 44]
[17:43:37] [Server thread/WARN]: pauloR2001 moved too quickly! 10.725484708966064,0.0,1.8700415989093813
[17:43:43] [Server thread/WARN]: pauloR2001 moved too quickly! 10.086745763358635,-3.7500001485632026,-0.9144949317042119
[17:43:44] [Server thread/WARN]: pauloR2001 moved too quickly! 10.0100549716758,-0.06409455520072527,1.7488042039574339
[17:43:46] [Server thread/WARN]: pauloR2001 moved too quickly! 10.362456116227804,3.1909013491950162,0.9664718748533687
[17:44:00] [Server thread/INFO]: [pauloR2001: Set own game mode to Creative Mode]
[17:44:31] [Server thread/INFO]: [pauloR2001: Set own game mode to Spectator Mode]
[17:44:55] [Server thread/INFO]: [pauloR2001: Set own game mode to Creative Mode]
[17:45:02] [Server thread/WARN]: Can't keep up! Is the server overloaded? Running 2089ms or 41 ticks behind
[17:45:13] [Server thread/INFO]: [pauloR2001: Teleported pauloR2001 to 5541.500000, 65.500000, 4846.500000]
[17:45:26] [Server thread/WARN]: Can't keep up! Is the server overloaded? Running 2006ms or 40 ticks behind
[17:45:34] [Server thread/INFO]: [pauloR2001: Teleported pauloR2001 to 5743.500000, 206.500000, 6116.500000]
[17:46:17] [Server thread/INFO]: [pauloR2001: Teleported pauloR2001 to -394.500000, 128.500000, 405.500000]
[17:46:20] [Server thread/INFO]: [pauloR2001: Set own game mode to Spectator Mode]
[17:46:22] [Server thread/WARN]: pauloR2001 moved too quickly! 9.570068705707627,-2.8181688159839524,2.2243900676159
[17:46:26] [Server thread/INFO]: [pauloR2001: Set own game mode to Survival Mode]
[17:46:29] [Server thread/INFO]: pauloR2001 lost connection: Disconnected
[17:46:29] [Server thread/INFO]: pauloR2001 left the game
[17:46:29] [Server thread/WARN]: Can't keep up! Is the server overloaded? Running 2289ms or 45 ticks behind
[17:46:39] [Server thread/INFO]: Stopping server
[17:46:39] [Server thread/INFO]: Saving players
[17:46:39] [Server thread/INFO]: Saving worlds
[17:46:39] [Server thread/INFO]: Saving chunks for level 'ServerLevel[world]'/minecraft:overworld
[17:46:39] [Server thread/INFO]: Saving chunks for level 'ServerLevel[world]'/minecraft:the_nether
[17:46:39] [Server thread/INFO]: Saving chunks for level 'ServerLevel[world]'/minecraft:the_end
[17:46:39] [Server thread/INFO]: ThreadedAnvilChunkStorage (world): All chunks are saved
[17:46:39] [Server thread/INFO]: ThreadedAnvilChunkStorage (DIM-1): All chunks are saved
[17:46:39] [Server thread/INFO]: ThreadedAnvilChunkStorage (DIM1): All chunks are saved
[17:46:39] [Server thread/INFO]: ThreadedAnvilChunkStorage: All dimensions are saved
